---
source: src/views/workloads.rs
expression: render(&state)
---
┌ Workloads────────────────────────────────────────────────────────┐┌ Detail ────────────────────────────────────────────────────────────────────────┐
│  ID            LISTING    STATUS         RUNWAY      SB   GW     ││b2e292ee009eb3fc064aaa7a1bc70a28adc1039f495751d4caa0cb9c08fd8abd                │
│> b2e292ee009e… basic v1   terminated     3 d 0 h          ✓      ││Listing basic v1  Provider g.toon.provider                                      │
│                                                                  ││Terminated: this lease was ended on purpose, and there is no refund. Spawning   │
│                                                                  ││again is the only way to get this workload back.                                │
│                                                                  ││                                                                                │
│                                                                  ││Runway 3 d 0 h                                                                  │
│                                                                  ││                                                                                │
│                                                                  ││Leases (primary first)                                                          │
│                                                                  ││  standalone running          basic v1  running now                             │
│                                                                  ││                                                                                │
│                                                                  ││Access                                                                          │
│                                                                  ││  Host 203.0.113.7                                                              │
│                                                                  ││  SSH  ssh -p 40000 tenant@203.0.113.7                                          │
│                                                                  ││                                                                                │
│                                                                  ││Most recent takeover                                                            │
│                                                                  ││  No Takeover has happened for this workload.                                   │
│                                                                  ││                                                                                │
│                                                                  ││Auto-extend                                                                     │
│                                                                  ││  No budget set. Press `a` to set one.                                          │
│                                                                  ││                                                                                │
│                                                                  ││Gateway                                                                         │
│                                                                  ││  wlrjf3qat2z7ybskvj5bxrykfcw4ca47jflvdvgkudfzych5rk6q.gw.devnet.toonprotocol.de│
│                                                                  ││v — reading…                                                                    │
│                                                                  ││                                                                                │
│                                                                  ││Continuation Token                                                              │
│                                                                  ││  Reading…                                                                      │
│                                                                  ││                                                                                │
│                                                                  ││                                                                                │
└──────────────────────────────────────────────────────────────────┘└────────────────────────────────────────────────────────────────────────────────┘
