---
source: src/views/funds.rs
expression: render(&state)
---
┌ Native gas ──────────────────────────────────────────────────────────────────────────────────────────────────────────┐
│You need native gas to open a channel on:                                                                             │
│  solana — No ETH                                                                                                     │
└──────────────────────────────────────────────────────────────────────────────────────────────────────────────────────┘
┌ Chains (j/k to move) ────────────────────────────────────────────────────────────────────────────────────────────────┐
│ evm:84532   solana                                                                                                   │
└──────────────────────────────────────────────────────────────────────────────────────────────────────────────────────┘
┌ Deposit address ─────────────────────────────┐┌ evm:84532 ───────────────────────────────────────────────────────────┐
│▀▀▀▀▀▀▀▀▀▀▀▀▀▀▀▀▀▀▀▀▀▀▀▀▀▀▀▀▀                 ││Token 0xusdc (6 decimals)                                             │
│▀▀▀▀▀▀▀▀▀▀▀▀▀▀▀▀▀▀▀▀▀▀▀▀▀▀▀▀▀                 ││Counterparty https://connector.example                                │
│▀▀▀▀▀▀▀▀▀▀▀▀▀▀▀▀▀▀▀▀▀▀▀▀▀▀▀▀▀                 ││                                                                      │
│▀▀▀▀▀▀▀▀▀▀▀▀▀▀▀▀▀▀▀▀▀▀▀▀▀▀▀▀▀                 ││On chain                                                              │
│▀▀▀▀▀▀▀▀▀▀▀▀▀▀▀▀▀▀▀▀▀▀▀▀▀▀▀▀▀                 ││ETH (gas): 0 ETH                                                      │
│▀▀▀▀▀▀▀▀▀▀▀▀▀▀▀▀▀▀▀▀▀▀▀▀▀▀▀▀▀                 ││Settlement token: 5 USDC                                              │
│▀▀▀▀▀▀▀▀▀▀▀▀▀▀▀▀▀▀▀▀▀▀▀▀▀▀▀▀▀                 ││                                                                      │
│▀▀▀▀▀▀▀▀▀▀▀▀▀▀▀▀▀▀▀▀▀▀▀▀▀▀▀▀▀                 ││Channel  channel open                                                 │
│▀▀▀▀▀▀▀▀▀▀▀▀▀▀▀▀▀▀▀▀▀▀▀▀▀▀▀▀▀                 ││Collateral 1000000  Spent 0  Available 1000000                        │
│▀▀▀▀▀▀▀▀▀▀▀▀▀▀▀▀▀▀▀▀▀▀▀▀▀▀▀▀▀                 ││0xchannel                                                             │
│▀▀▀▀▀▀▀▀▀▀▀▀▀▀▀▀▀▀▀▀▀▀▀▀▀▀▀▀▀                 ││                                                                      │
│▀▀▀▀▀▀▀▀▀▀▀▀▀▀▀▀▀▀▀▀▀▀▀▀▀▀▀▀▀                 ││Open a payment channel                                                │
│▀▀▀▀▀▀▀▀▀▀▀▀▀▀▀▀▀▀▀▀▀▀▀▀▀▀▀▀▀                 ││o opens it, with 1000000 base units of collateral                     │
│▀▀▀▀▀▀▀▀▀▀▀▀▀▀▀▀▀▀▀▀▀▀▀▀▀▀▀▀▀                 ││                                                                      │
│▀▀▀▀▀▀▀▀▀▀▀▀▀▀▀▀▀▀▀▀▀▀▀▀▀▀▀▀▀                 ││                                                                      │
│                                              ││                                                                      │
│addr-evm:84532                                ││                                                                      │
│m/44'/60'/0'/0/0                              ││                                                                      │
│y copies (address, channel id, connector)     ││                                                                      │
│                                              ││                                                                      │
│Faucet drips 10 USDC here. f asks it.         ││                                                                      │
│                                              ││                                                                      │
│                                              ││                                                                      │
│                                              ││                                                                      │
│                                              ││                                                                      │
│                                              ││                                                                      │
│                                              ││                                                                      │
│                                              ││                                                                      │
└──────────────────────────────────────────────┘└──────────────────────────────────────────────────────────────────────┘
┌──────────────────────────────────────────────────────────────────────────────────────────────────────────────────────┐
│Keys never leave this account's Signer.                                                                               │
└──────────────────────────────────────────────────────────────────────────────────────────────────────────────────────┘
