---
source: src/views/account.rs
expression: output
---
┌ Account ───────────────────────────────────────────────────────────────────────────────────────────────────┐
│Agent Smith                                                                                                 │
│npub1exampleexampleexampleexampleexampleexampleexampleexamplex                                              │
│                                                                                                            │
│Signer: agent (local keystore)                                                                              │
│Relays: the account's own relays (NIP-65): wss://relay.devnet.toonprotocol.dev                              │
│                                                                                                            │
│ Sign out                                                                                                   │
└────────────────────────────────────────────────────────────────────────────────────────────────────────────┘
┌ Chain Seed ────────────────────────────────────────────────────────────────────────────────────────────────┐
│Reading…                                                                                                    │
└────────────────────────────────────────────────────────────────────────────────────────────────────────────┘
┌ Network profile ───────────────────────────────────────────────────────────────────────────────────────────┐
│ ● Devnet ✎user  ○ Sandbox  ○ My devnet fork ✎user                                                          │
│                                                                                                            │
│                                                                                                            │
└────────────────────────────────────────────────────────────────────────────────────────────────────────────┘
