---
source: src/views/account.rs
expression: output
---
┌ Connect a remote signer ────────────────────────────┐┌ Use the local keystore (encrypted file) ────────────┐
│NIP-46: Amber, nsec.app or `nak bunker`. The key     ││Sealed into /home/tester/.config/toon-console/keystor│
│never leaves it.                                     ││e.json.                                              │
│                                                     ││                                                     │
│Bunker URI: ▏                                        ││(x) Generate                                         │
│Keystore passphrase: …                               ││( ) Import nsec                                      │
│                                                     ││( ) Import mnemonic                                  │
│ Connect                                             ││Keystore passphrase: …                               │
│                                                     ││                                                     │
│                                                     ││ Generate and sign in                                │
└─────────────────────────────────────────────────────┘└─────────────────────────────────────────────────────┘
┌ Signers on this machine ───────────────────────────────────────────────────────────────────────────────────┐
│agent  local key   Sign in   Forget                                                                         │
│                                                                                                            │
└────────────────────────────────────────────────────────────────────────────────────────────────────────────┘
┌ Network profile ───────────────────────────────────────────────────────────────────────────────────────────┐
│ ● Devnet  ○ Sandbox                                                                                        │
│                                                                                                            │
└────────────────────────────────────────────────────────────────────────────────────────────────────────────┘
