---
source: src/views/workloads.rs
assertion_line: 857
expression: render(&state)
---
┌ Workloads────────────────────────────────────────────────────────┐┌ Detail ────────────────────────────────────────────────────────────────────────┐
│No workloads yet.                                                 ││Select a workload to see its leases and access details.                         │
│                                                                  ││                                                                                │
│                                                                  ││                                                                                │
│                                                                  ││                                                                                │
│                                                                  ││                                                                                │
│                                                                  ││                                                                                │
│                                                                  ││                                                                                │
│                                                                  ││                                                                                │
│                                                                  ││                                                                                │
│                                                                  ││                                                                                │
│                                                                  ││                                                                                │
│                                                                  ││                                                                                │
│                                                                  ││                                                                                │
│                                                                  ││                                                                                │
│                                                                  ││                                                                                │
│                                                                  ││                                                                                │
│                                                                  ││                                                                                │
│                                                                  ││                                                                                │
│                                                                  ││                                                                                │
│                                                                  ││                                                                                │
│                                                                  ││                                                                                │
│                                                                  ││                                                                                │
│                                                                  ││                                                                                │
│                                                                  ││                                                                                │
│                                                                  ││                                                                                │
│                                                                  ││                                                                                │
│                                                                  ││                                                                                │
│                                                                  ││                                                                                │
└──────────────────────────────────────────────────────────────────┘└────────────────────────────────────────────────────────────────────────────────┘
